../Core/Src/main.c:91:6:microDelay	16	static
../Core/Src/main.c:97:9:DHT11_Start	32	static
../Core/Src/main.c:128:9:DHT11_Read	16	static
../Core/Src/main.c:164:5:main	48	static
../Core/Src/main.c:285:6:SystemClock_Config	88	static
../Core/Src/main.c:332:13:MX_ADC1_Init	24	static
../Core/Src/main.c:379:13:MX_ADC2_Init	24	static
../Core/Src/main.c:426:13:MX_I2C1_Init	8	static
../Core/Src/main.c:460:13:MX_I2C2_Init	8	static
../Core/Src/main.c:494:13:MX_TIM1_Init	32	static
../Core/Src/main.c:540:13:MX_GPIO_Init	40	static
../Core/Src/main.c:582:6:Error_Handler	4	static,ignoring_inline_asm
